// Jest Snapshot v1, https://goo.gl/fbAQLP

exports[`Primary error component -- should match the snapshot 1`] = `
<section
  className="MuiBox-root css-b182f3"
>
  <div
    className="MuiPaper-root MuiPaper-elevation MuiPaper-rounded MuiPaper-elevation0 MuiAlert-root MuiAlert-filledError MuiAlert-filled css-15i39sq-MuiPaper-root-MuiAlert-root"
    role="alert"
  >
    <div
      className="MuiAlert-icon css-1ytlwq5-MuiAlert-icon"
    >
      <svg
        aria-hidden={true}
        className="MuiSvgIcon-root MuiSvgIcon-fontSizeInherit css-1vooibu-MuiSvgIcon-root"
        data-testid="ErrorOutlineIcon"
        focusable="false"
        viewBox="0 0 24 24"
      >
        <path
          d="M11 15h2v2h-2zm0-8h2v6h-2zm.99-5C6.47 2 2 6.48 2 12s4.47 10 9.99 10C17.52 22 22 17.52 22 12S17.52 2 11.99 2zM12 20c-4.42 0-8-3.58-8-8s3.58-8 8-8 8 3.58 8 8-3.58 8-8 8z"
        />
      </svg>
    </div>
    <div
      className="MuiAlert-message css-1pxa9xg-MuiAlert-message"
    >
      <div
        className="MuiTypography-root MuiTypography-body1 MuiTypography-gutterBottom MuiAlertTitle-root css-b0naof-MuiTypography-root-MuiAlertTitle-root"
      >
        Err
        <button
          className="MuiButtonBase-root MuiButton-root MuiButton-text MuiButton-textPrimary MuiButton-sizeMedium MuiButton-textSizeMedium MuiButton-root MuiButton-text MuiButton-textPrimary MuiButton-sizeMedium MuiButton-textSizeMedium css-1bsmv35-MuiButtonBase-root-MuiButton-root"
          disabled={false}
          onBlur={[Function]}
          onContextMenu={[Function]}
          onDragLeave={[Function]}
          onFocus={[Function]}
          onKeyDown={[Function]}
          onKeyUp={[Function]}
          onMouseDown={[Function]}
          onMouseLeave={[Function]}
          onMouseUp={[Function]}
          onTouchEnd={[Function]}
          onTouchMove={[Function]}
          onTouchStart={[Function]}
          tabIndex={0}
          type="button"
        >
          (Try again?)
        </button>
      </div>
      <div
        className="MuiStack-root css-8r4r5m-MuiStack-root"
      >
        <div
          className="MuiBox-root css-idktog"
        >
          Error message
        </div>
        <div
          className="MuiCollapse-root MuiCollapse-vertical MuiCollapse-hidden css-bz4dnt-MuiCollapse-root"
          style={
            {
              "minHeight": "0px",
            }
          }
        >
          <div
            className="MuiCollapse-wrapper MuiCollapse-vertical css-smkl36-MuiCollapse-wrapper"
          >
            <div
              className="MuiCollapse-wrapperInner MuiCollapse-vertical css-9l5vo-MuiCollapse-wrapperInner"
            >
              <div
                className="MuiBox-root css-1rew9hp"
              />
            </div>
          </div>
        </div>
      </div>
      <div
        className="MuiBox-root css-6xix1i"
      >
        This is an error alert â€”
         
        <button
          className="MuiButtonBase-root MuiButton-root MuiButton-text MuiButton-textPrimary MuiButton-sizeMedium MuiButton-textSizeMedium MuiButton-root MuiButton-text MuiButton-textPrimary MuiButton-sizeMedium MuiButton-textSizeMedium css-v1heop-MuiButtonBase-root-MuiButton-root"
          disabled={false}
          onBlur={[Function]}
          onClick={[Function]}
          onContextMenu={[Function]}
          onDragLeave={[Function]}
          onFocus={[Function]}
          onKeyDown={[Function]}
          onKeyUp={[Function]}
          onMouseDown={[Function]}
          onMouseLeave={[Function]}
          onMouseUp={[Function]}
          onTouchEnd={[Function]}
          onTouchMove={[Function]}
          onTouchStart={[Function]}
          tabIndex={0}
          type="button"
        >
          View More
        </button>
      </div>
    </div>
  </div>
</section>
`;
