// Jest Snapshot v1, https://goo.gl/fbAQLP

exports[`Experience section -- should match the snapshot 1`] = `
<div>
  Hello world
</div>
`;
